To https://github.com/xttey001/XB.git
   2f95734..9fd8cd0  gh-pages -> gh-pages
warning: in the working copy of 'push.bat', LF will be replaced by CRLF the next time Git touches it
warning: in the working copy of '.trae/skills/xb-static-site/SKILL.md', LF will be replaced by CRLF the next time Git touches it
warning: adding embedded git repository: public-site
hint: You've added another git repository inside your current repository.
hint: Clones of the outer repository will not contain the contents of
hint: the embedded repository and will not know how to obtain it.
hint: If you meant to add a submodule, use:
hint:
hint: 	git submodule add <url> public-site
hint:
hint: If you added this path by mistake, you can remove it from the
hint: index with:
hint:
hint: 	git rm --cached public-site
hint:
hint: See "git help submodule" for more information.
hint: Disable this message with "git config set advice.addEmbeddedRepo false"
To https://github.com/xttey001/XB.git
   11ae101..6cdc9c7  main -> main
